// Jest Snapshot v1, https://goo.gl/fbAQLP

exports[`renders a welcome message when signed out 1`] = `
<div>
  <section>
    <header>
      <h1>
        Library Catalog
      </h1>
      <nav>
        <a
          aria-current="page"
          class="homeNav active"
          href="/"
        >
          Home
        </a>
        <a
          class="catalogNav"
          href="/books"
        >
          Library
        </a>
      </nav>
    </header>
    <main
      aria-label="main"
      class="container"
    >
      <section>
        <p>
          "You take the
           
          <a
            class="bluePill"
            href="/blue"
          >
            blue
          </a>
           
          pill... the story ends, you wake up in your bed and believe whatever you want to believe. You take the
           
          <a
            class="redPill"
            href="/books"
          >
            red
          </a>
           
          pill... you stay in Wonderland, and I show you how deep the rabbit hole goes."-Morpheus
        </p>
        <div
          class="matrix gif"
        >
          <iframe
            allowfullscreen=""
            class="giphy-embed"
            frameborder="0"
            height="384"
            src="https://giphy.com/embed/WoD6JZnwap6s8"
            title="matrix"
            width="100%"
          />
          <p>
            <a
              href="https://giphy.com/gifs/the-matrix-WoD6JZnwap6s8"
            >
              via GIPHY
            </a>
          </p>
        </div>
      </section>
    </main>
    <footer>
      <p>
        Footer
      </p>
    </footer>
  </section>
</div>
`;
